
> certiforge@0.1.0 build
> next build

Γû▓ Next.js 16.2.1 (Turbopack)
- Experiments (use with caution):
  Γ£ô viewTransition

  Creating an optimized production build ...
Γ£ô Compiled successfully in 7.5s
  Running TypeScript ...
  Finished TypeScript in 8.2s ...
  Collecting page data using 11 workers ...
  Generating static pages using 11 workers (0/15) ...
  Generating static pages using 11 workers (3/15) 
  Generating static pages using 11 workers (7/15) 
  Generating static pages using 11 workers (11/15) 
Γ£ô Generating static pages using 11 workers (15/15) in 941ms
  Finalizing page optimization ...

Route (app)
Γöî Γùï /
Γö£ Γùï /_not-found
Γö£ Γùï /builder
Γö£ Γùï /certificates
Γö£ ╞Æ /certificates/[id]
Γö£ Γùï /dashboard
Γö£ Γùï /events
Γö£ ╞Æ /events/[id]
Γö£ ╞Æ /events/[id]/scanner
Γö£ ╞Æ /events/[id]/tickets/bulk
Γö£ ╞Æ /events/[id]/tickets/new
Γö£ Γùï /events/new
Γö£ Γùï /import
Γö£ Γùï /login
Γö£ Γùï /register
Γö£ Γùï /templates
Γö£ Γùï /upload
Γö£ Γùï /verify
Γöö ╞Æ /verify/[certificateId]


Γùï  (Static)   prerendered as static content
╞Æ  (Dynamic)  server-rendered on demand

